2026-09-16 18:42:01.136 [info] Reading sessions from keychain...
2026-09-16 18:42:01.136 [info] Getting sessions for all scopes...
2026-09-16 18:42:01.136 [info] Getting sessions for all scopes...
2026-09-16 18:42:01.136 [info] Got 0 sessions for ...
2026-09-16 18:42:01.136 [info] Got 0 sessions for ...
2026-09-16 18:42:01.147 [info] Getting sessions for read:user,repo,user:email,workflow...
2026-09-16 18:42:01.147 [info] Got 0 sessions for read:user,repo,user:email,workflow...
2026-09-16 18:42:03.232 [info] Logging in with 'any' account...
2026-09-16 18:42:03.232 [info] Logging in for the following scopes: read:user repo user:email workflow
2026-09-16 18:42:03.305 [info] Trying device code flow... (read:user repo user:email workflow)
2026-09-16 18:43:50.914 [info] Getting user info...
2026-09-16 18:43:51.272 [info] Got account info!
2026-09-16 18:43:51.272 [info] Storing 1 sessions...
2026-09-16 18:43:51.417 [info] Reading sessions from keychain...
2026-09-16 18:43:51.417 [info] Stored 1 sessions!
2026-09-16 18:43:51.417 [info] Login success!
2026-09-16 18:43:51.474 [info] Got stored sessions!
2026-09-16 18:43:51.474 [info] Got 1 verified sessions.
2026-09-16 18:43:52.158 [info] Getting sessions for read:user,repo,user:email,workflow...
2026-09-16 18:43:52.158 [info] Got 1 sessions for read:user,repo,user:email,workflow...
2026-09-16 18:43:52.285 [info] Getting sessions for read:user,repo,user:email,workflow...
2026-09-16 18:43:52.285 [info] Got 1 sessions for read:user,repo,user:email,workflow...
2026-09-16 18:47:00.804 [info] Getting sessions for read:user,repo,user:email,workflow...
2026-09-16 18:47:00.804 [info] Got 1 sessions for read:user,repo,user:email,workflow...
2026-09-16 18:51:42.254 [info] Getting sessions for read:user,repo,user:email,workflow...
2026-09-16 18:51:42.254 [info] Got 1 sessions for read:user,repo,user:email,workflow...
2026-09-16 18:55:44.105 [info] Getting sessions for read:user,repo,user:email,workflow...
2026-09-16 18:55:44.105 [info] Got 1 sessions for read:user,repo,user:email,workflow...
